17:57:24 48 detectors x 2 subjects (0 already in kafe_matrix.jsonl)
17:58:48 [1/2] tesla              y=True buttons=11    pos=36  neg=12  abst=0   (84.3s)
17:59:57 [2/2] fandango           y=True buttons=13    pos=5   neg=17  abst=26  (68.8s)
18:01:00 48 detectors x 3 subjects (0 already in kafe_matrix.jsonl)
18:02:25 [1/3] tesla              y=True buttons=11    pos=36  neg=12  abst=0   (85.2s)
18:04:40 [2/3] fandango           y=True buttons=13    pos=32  neg=16  abst=0   (134.7s)
18:07:20 [3/3] waze               y=True buttons=22    pos=32  neg=16  abst=0   (159.8s)
18:07:30 48 detectors x 50 subjects (3 already in kafe_matrix.jsonl)
18:07:33 [1/50] indiegogo          ABSTAIN: the frozen candidate collector surfaced no addressable element (12 elements in the replayed document, 0 focusable): no button to decide about, so this is an abstention and not a negative
18:07:36 [2/50] instagram          ABSTAIN: the frozen candidate collector surfaced no addressable element (135 elements in the replayed document, 0 focusable): no button to decide about, so this is an abstention and not a negative
18:07:40 [3/50] mozilla            ABSTAIN: the frozen candidate collector surfaced no addressable element (13 elements in the replayed document, 0 focusable): no button to decide about, so this is an abstention and not a negative
18:07:43 [4/50] sciencedirect      ABSTAIN: the frozen candidate collector surfaced no addressable element (10 elements in the replayed document, 0 focusable): no button to decide about, so this is an abstention and not a negative
18:07:46 [5/50] whitepages         ABSTAIN: the frozen candidate collector surfaced no addressable element (7 elements in the replayed document, 0 focusable): no button to decide about, so this is an abstention and not a negative
18:07:51 [6/50] spotify            ABSTAIN: tab walk capped at 212 with 12 focusable elements
18:07:56 [7/50] salesforce         ABSTAIN: tab walk capped at 238 with 38 focusable elements
18:10:50 [8/50] tinyurl            y=False buttons=15    pos=17  neg=31  abst=0   (173.4s)
18:11:59 [9/50] godaddy            y=True buttons=21    pos=10  neg=12  abst=26  (69.2s)
18:15:17 [10/50] snapchat           y=True buttons=22    pos=33  neg=15  abst=0   (197.5s)
18:17:36 [11/50] citiprogram        y=True buttons=27    pos=32  neg=16  abst=0   (139.0s)
18:18:48 [12/50] adorama            y=True buttons=6     pos=22  neg=26  abst=0   (72.3s)
18:22:14 [13/50] flickr             y=True buttons=30    pos=31  neg=17  abst=0   (206.3s)
18:27:43 [14/50] dmv_ca             y=False buttons=39    pos=30  neg=18  abst=0   (328.9s)
18:32:58 [15/50] bbc                y=False buttons=40    pos=29  neg=19  abst=0   (314.7s)
18:38:41 [16/50] venmo              y=False buttons=49    pos=24  neg=24  abst=0   (342.8s)
18:45:05 [17/50] groupon            y=True buttons=55    pos=30  neg=18  abst=0   (384.5s)
18:51:57 [18/50] coronavirus        y=False buttons=47    pos=17  neg=31  abst=0   (411.7s)
19:03:53 48 detectors x 32 subjects (21 already in kafe_matrix.jsonl)
19:15:46 [1/32] thefreedictionary  y=True buttons=63    pos=18  neg=4   abst=26  (712.8s)
19:22:17 [2/32] stickermule        y=True buttons=68    pos=36  neg=12  abst=0   (390.8s)
19:27:50 [3/32] bowiestate         y=False buttons=73    pos=36  neg=10  abst=2   (333.7s)
19:27:56 [4/32] raise              ABSTAIN: tab walk capped at 262 with 62 focusable elements
19:34:55 [5/32] vk                 y=True buttons=77    pos=40  neg=6   abst=2   (418.8s)
19:43:17 [6/32] carlsjr            y=True buttons=81    pos=42  neg=6   abst=0   (502.4s)
19:56:33 [7/32] walmart            y=False buttons=84    pos=27  neg=19  abst=2   (795.7s)
20:06:07 [8/32] roblox             y=False buttons=86    pos=26  neg=20  abst=2   (574.0s)
20:15:51 [9/32] ask                y=False buttons=89    pos=26  neg=19  abst=3   (584.2s)
20:23:41 [10/32] coinbase           y=True buttons=95    pos=35  neg=13  abst=0   (469.7s)
20:23:44 [11/32] capitalone         ABSTAIN: the frozen candidate collector surfaced no addressable element (20 elements in the replayed document, 51 focusable): no button to decide about, so this is an abstention and not a negative
20:40:49 [12/32] cloudflare         y=True buttons=84    pos=25  neg=23  abst=0   (1024.7s)
20:50:36 [13/32] ancestry           y=False buttons=122   pos=31  neg=16  abst=1   (586.2s)
20:50:41 [14/32] costco             ABSTAIN: tab walk capped at 269 with 69 focusable elements
21:07:55 [15/32] ssa                y=False buttons=131   pos=21  neg=25  abst=2   (1033.8s)
21:31:18 [16/32] ed                 y=False buttons=139   pos=23  neg=23  abst=2   (1403.4s)
21:45:44 [17/32] boostmobile        y=True buttons=130   pos=32  neg=12  abst=4   (866.3s)
21:45:50 [18/32] dell               ABSTAIN: tab walk capped at 297 with 97 focusable elements
22:01:47 [19/32] telegram           y=False buttons=171   pos=29  neg=19  abst=0   (957.2s)
22:01:53 [20/32] dpreview           ABSTAIN: tab walk capped at 294 with 94 focusable elements
22:17:12 [21/32] wendys             y=True buttons=221   pos=9   neg=0   abst=39  (919.0s)
22:42:20 [22/32] stacksocial        y=True buttons=236   pos=39  neg=9   abst=0   (1508.1s)
22:56:54 [23/32] ubersignup         y=True buttons=250   pos=32  neg=14  abst=2   (873.8s)
22:59:49 [24/32] live               y=False buttons=16    pos=16  neg=13  abst=19  (174.7s)
23:28:33 [25/32] discordapp         y=True buttons=263   pos=36  neg=10  abst=2   (1724.0s)
23:45:40 [26/32] alexa              y=True buttons=271   pos=43  neg=5   abst=0   (1026.9s)
00:27:49 [27/32] wiktionary         y=False buttons=285   pos=17  neg=27  abst=4   (2528.7s)
00:54:47 [28/32] resellerratings    y=True buttons=308   pos=38  neg=8   abst=2   (1618.2s)
01:12:59 [29/32] steam              y=True buttons=343   pos=41  neg=7   abst=0   (1092.2s)
01:13:09 [30/32] cnn                ABSTAIN: tab walk capped at 483 with 283 focusable elements
02:50:12 48 detectors x 2 subjects (51 already in kafe_matrix.jsonl)
14:37:10 48 detectors x 0 subjects (51 already in kafe_matrix.jsonl)
14:37:11 48 detectors x 0 subjects (51 already in kafe_matrix.jsonl)
14:37:11 48 detectors x 1 subjects (51 already in kafe_matrix.jsonl)
15:35:51 [1/1] usgsgov            y=True buttons=624   pos=35  neg=13  abst=0   (3519.4s)
