=== A cheap+C1-C9 fixtures ===
corpus: fixtures  (95 probes, 19 pages)
caveat: blind-authored and frozen synthetic corpus; results describe this corpus and runner only

  holdout/discovery.html (4 probes) ...
  holdout/effects.html (5 probes) ...
  holdout/equivalence.html (4 probes) ...
  holdout/hover.html (3 probes) ...
  holdout/keyboard-paths.html (4 probes) ...
  holdout/long-order.html (1 probes) ...
  holdout/pointer.html (4 probes) ...
  holdout/responsive.html (3 probes) ...
  holdout/scopes.html (5 probes) ...
2026-09-17 16:16:22 [debug    ] kbdiff.d8_failed               error='Locator.bounding_box: Timeout 1000ms exceeded.\nCall log:\n  - waiting for locator("[data-probe=\\"h162\\"]").first\n' probe=h162
2026-09-17 16:16:23 [debug    ] kbdiff.d8_failed               error='Locator.bounding_box: Timeout 1000ms exceeded.\nCall log:\n  - waiting for locator("[data-probe=\\"h163\\"]").first\n' probe=h163
2026-09-17 16:16:24 [debug    ] kbdiff.d8_failed               error='Locator.bounding_box: Timeout 1000ms exceeded.\nCall log:\n  - waiting for locator("[data-probe=\\"h164\\"]").first\n' probe=h164
  holdout/timing.html (2 probes) ...
  upstream/a-vanilla.html (12 probes) ...
  upstream/b-decoys.html (12 probes) ...
  upstream/c-hover.html (4 probes) ...
  upstream/d-delegation.html (3 probes) ...
  upstream/e-nodom.html (5 probes) ...
  upstream/f-occlusion.html (6 probes) ...
  upstream/g-taborder.html (7 probes) ...
  upstream/h-shadow.html (5 probes) ...
2026-09-17 16:17:01 [debug    ] kbdiff.d8_failed               error='Locator.bounding_box: Timeout 1000ms exceeded.\nCall log:\n  - waiting for locator("[data-probe=\\"p91\\"]").first\n' probe=p91
2026-09-17 16:17:02 [debug    ] kbdiff.d8_failed               error='Locator.bounding_box: Timeout 1000ms exceeded.\nCall log:\n  - waiting for locator("[data-probe=\\"p92\\"]").first\n' probe=p92
2026-09-17 16:17:03 [debug    ] kbdiff.d8_failed               error='Locator.bounding_box: Timeout 1000ms exceeded.\nCall log:\n  - waiting for locator("[data-probe=\\"p94\\"]").first\n' probe=p94
  upstream/react/index.html (6 probes) ...

detector                              TP  FP  FN  unk    prec  recall      F1
------------------------------------------------------------------------------------
D0 axcess collectClickables            1   1  35    6   50.0%    2.6%    4.9%
D2 inline onclick attribute            1   0  35    6  100.0%    2.6%    5.0%
D2b onclick property                   4   0  32    6  100.0%   10.3%   18.6%
D3 tabindex / ARIA                     2   2  34    6   50.0%    5.1%    9.3%
D4 CSS + lexical                      27  21   9    6   56.2%   69.2%   62.1%
D7 React fiber props                   2   0  34    6  100.0%    5.1%    9.8%
D5 CDP getEventListeners              25  18  11    6   58.1%   64.1%   61.0%
D6 addEventListener shim              21  18  15    6   53.8%   53.8%   53.8%
D8 hover-diff                         18   6  18    6   75.0%   46.2%   57.1%
D1 axe-core (keyboard rules)           0   1  36    6    0.0%    0.0%     —  
D1x axe-core (any rule, unsound)      18  11  18    6   62.1%   46.2%   52.9%
U-D0 upstream crawler candidates       1   3  38    0   25.0%    2.6%    4.7%
U-D1 upstream tagged axe attribution   0   0  39    0     —      0.0%     —  
U-D2 upstream inline attributes        1   0  38    0  100.0%    2.6%    5.0%
U-D2b upstream mouse handler properties   4   0  35    0  100.0%   10.3%   18.6%
U-D3 upstream missing tabindex         1   0  38    0  100.0%    2.6%    5.0%
U-D4 upstream CSS and class tokens    30  17   9    0   63.8%   76.9%   69.8%
U-D5 upstream direct CDP listeners    29  13  10    0   69.0%   74.4%   71.6%
U-D6 upstream registration shim       25  13  14    0   65.8%   64.1%   64.9%
U-D7 upstream React mouse props        2   0  37    0  100.0%    5.1%    9.8%
U-D8 upstream pixel hover difference  19   9  20    0   67.9%   48.7%   56.7%
C1 upstream D4|D5|D6, minus Tab       33  18   6    0   64.7%   84.6%   73.3%
C2 upstream D4|D5|D6|D8, minus Tab    33  20   6    0   62.3%   84.6%   71.7%
C3 union, reject inert and pointer-events:none  32  13   6    2   71.1%   82.1%   76.2%
C4 union, additionally reject blocked center  32  11   6    2   74.4%   82.1%   78.0%
C5 focusable custom mouse control, no observed key handler   3   0  36    0  100.0%    7.7%   14.3%
C6 visible label for a toggle absent from Tab   1   0  38    0  100.0%    2.6%    5.0%
C7 ancestor mouse listener, minus Tab   7   3  32    0   70.0%   17.9%   28.6%
C8 union + focusable + label + ancestor leads  37  13   1    2   74.0%   94.9%   83.1%
C9 combined leads, additionally reject blocked center  37  11   1    2   77.1%   94.9%   85.1%

wrote /var/home/me/Development/axcess/experiments/tabbing/fixtures/results/bakeoff-fixtures-matrix.json  (75.5s)
  exit=0 fixtures
=== A cheap+C1-C9 edgecases ===
corpus: edgecases  (74 probes, 15 pages)
caveat: shared-author development corpus; no unbiased accuracy or ranking claim

  pages/binding.html (10 probes) ...
  pages/decoys.html (11 probes) ...
  pages/effects.html (11 probes) ...
  pages/focus-redirect.html (1 probes) ...
  pages/geometry.html (14 probes) ...
  pages/graphical-controls.html (2 probes) ...
  pages/hover.html (3 probes) ...
  pages/iframe-tab-scope.html (1 probes) ...
2026-09-17 16:17:44 [debug    ] kbdiff.d8_failed               error='Locator.bounding_box: Timeout 1000ms exceeded.\nCall log:\n  - waiting for locator("[data-probe=\\"e140\\"]").first\n' probe=e140
  pages/keyboard.html (9 probes) ...
  pages/native-proxy.html (1 probes) ...
  pages/pointer-gated.html (2 probes) ...
  pages/roving-tabindex.html (4 probes) ...
  pages/scale.html (2 probes) ...
Scores suppressed: Error: CDPSession.send: Protocol error (DOM.getDocument): Failed to convert response to JSON: CBOR: stack limit exceeded at position 53429

wrote /var/home/me/Development/axcess/experiments/tabbing/edgecases/results/bakeoff-edgecases-matrix.json  (52.2s)
  exit=1 edgecases
=== A cheap+C1-C9 gds ===
corpus: gds  (8 probes, 1 pages)
caveat: GDS Accessibility Tool Audit (MIT, Crown Copyright 2017); 6 IAF cases on one page, all 13 audited tools score 0/6

  pages/test-cases.html (8 probes) ...
2026-09-17 16:18:25 [info     ] kbdiff.taborder.capped         found=3 presses=300

detector                              TP  FP  FN  unk    prec  recall      F1
------------------------------------------------------------------------------------
D0 axcess collectClickables            1   0   5    0  100.0%   16.7%   28.6%
D2 inline onclick attribute            0   0   6    0     —      0.0%     —  
D2b onclick property                   0   0   6    0     —      0.0%     —  
D3 tabindex / ARIA                     0   0   6    0     —      0.0%     —  
D4 CSS + lexical                       3   0   3    0  100.0%   50.0%   66.7%
D7 React fiber props                   0   0   6    0     —      0.0%     —  
D5 CDP getEventListeners               3   0   3    0  100.0%   50.0%   66.7%
D6 addEventListener shim               3   0   3    0  100.0%   50.0%   66.7%
D8 hover-diff                          0   0   6    0     —      0.0%     —  
D1 axe-core (keyboard rules)           0   0   6    0     —      0.0%     —  
D1x axe-core (any rule, unsound)       0   1   6    0    0.0%    0.0%     —  
U-D0 upstream crawler candidates       0   0   6    0     —      0.0%     —  
U-D1 upstream tagged axe attribution   0   1   6    0    0.0%    0.0%     —  
U-D2 upstream inline attributes        0   0   6    0     —      0.0%     —  
U-D2b upstream mouse handler properties   0   0   6    0     —      0.0%     —  
U-D3 upstream missing tabindex         0   0   6    0     —      0.0%     —  
U-D4 upstream CSS and class tokens     0   0   4    2     —      0.0%     —  
U-D5 upstream direct CDP listeners     0   0   4    2     —      0.0%     —  
U-D6 upstream registration shim        0   0   4    2     —      0.0%     —  
U-D7 upstream React mouse props        0   0   6    0     —      0.0%     —  
U-D8 upstream pixel hover difference   0   0   6    0     —      0.0%     —  
C1 upstream D4|D5|D6, minus Tab        3   0   3    0  100.0%   50.0%   66.7%
C2 upstream D4|D5|D6|D8, minus Tab     3   0   3    0  100.0%   50.0%   66.7%
C3 union, reject inert and pointer-events:none   0   0   3    3     —      0.0%     —  
C4 union, additionally reject blocked center   0   0   3    3     —      0.0%     —  
C5 focusable custom mouse control, no observed key handler   0   0   6    0     —      0.0%     —  
C6 visible label for a toggle absent from Tab   0   0   6    0     —      0.0%     —  
C7 ancestor mouse listener, minus Tab   0   0   6    0     —      0.0%     —  
C8 union + focusable + label + ancestor leads   0   0   3    3     —      0.0%     —  
C9 combined leads, additionally reject blocked center   0   0   3    3     —      0.0%     —  

wrote /var/home/me/Development/axcess/experiments/tabbing/literature-replication/artifacts/gds-corpus/results/bakeoff-gds-matrix.json  (33.1s)
  exit=0 gds
=== A cheap+C1-C9 ma11y ===
truth must assign every labelled probe to exactly one page
  exit=2 ma11y
=== B D9/D10 arms fixtures ===
corpus: fixtures  (95 probes, 19 pages)
caveat: blind-authored and frozen synthetic corpus; results describe this corpus and runner only

  holdout/discovery.html (4 probes) ...
  holdout/effects.html (5 probes) ...
  holdout/equivalence.html (4 probes) ...
  holdout/hover.html (3 probes) ...
  holdout/keyboard-paths.html (4 probes) ...
  holdout/long-order.html (1 probes) ...
  holdout/pointer.html (4 probes) ...
  holdout/responsive.html (3 probes) ...
  holdout/scopes.html (5 probes) ...
2026-09-17 16:21:42 [debug    ] kbdiff.d8_failed               error='Locator.bounding_box: Timeout 1000ms exceeded.\nCall log:\n  - waiting for locator("[data-probe=\\"h162\\"]").first\n' probe=h162
2026-09-17 16:21:43 [debug    ] kbdiff.d8_failed               error='Locator.bounding_box: Timeout 1000ms exceeded.\nCall log:\n  - waiting for locator("[data-probe=\\"h163\\"]").first\n' probe=h163
2026-09-17 16:21:44 [debug    ] kbdiff.d8_failed               error='Locator.bounding_box: Timeout 1000ms exceeded.\nCall log:\n  - waiting for locator("[data-probe=\\"h164\\"]").first\n' probe=h164
  holdout/timing.html (2 probes) ...
  upstream/a-vanilla.html (12 probes) ...
  upstream/b-decoys.html (12 probes) ...
  upstream/c-hover.html (4 probes) ...
  upstream/d-delegation.html (3 probes) ...
  upstream/e-nodom.html (5 probes) ...
  upstream/f-occlusion.html (6 probes) ...
  upstream/g-taborder.html (7 probes) ...
  upstream/h-shadow.html (5 probes) ...
2026-09-17 16:27:19 [debug    ] kbdiff.d8_failed               error='Locator.bounding_box: Timeout 1000ms exceeded.\nCall log:\n  - waiting for locator("[data-probe=\\"p91\\"]").first\n' probe=p91
2026-09-17 16:27:20 [debug    ] kbdiff.d8_failed               error='Locator.bounding_box: Timeout 1000ms exceeded.\nCall log:\n  - waiting for locator("[data-probe=\\"p92\\"]").first\n' probe=p92
2026-09-17 16:27:21 [debug    ] kbdiff.d8_failed               error='Locator.bounding_box: Timeout 1000ms exceeded.\nCall log:\n  - waiting for locator("[data-probe=\\"p94\\"]").first\n' probe=p94
  upstream/react/index.html (6 probes) ...

detector                              TP  FP  FN  unk    prec  recall      F1
------------------------------------------------------------------------------------
D0 axcess collectClickables            1   1  35    6   50.0%    2.6%    4.9%
D2 inline onclick attribute            1   0  35    6  100.0%    2.6%    5.0%
D2b onclick property                   4   0  32    6  100.0%   10.3%   18.6%
D3 tabindex / ARIA                     2   2  34    6   50.0%    5.1%    9.3%
D4 CSS + lexical                      27  21   9    6   56.2%   69.2%   62.1%
D7 React fiber props                   2   0  34    6  100.0%    5.1%    9.8%
D5 CDP getEventListeners              25  18  11    6   58.1%   64.1%   61.0%
D6 addEventListener shim              21  18  15    6   53.8%   53.8%   53.8%
D8 hover-diff                         18   6  18    6   75.0%   46.2%   57.1%
D1 axe-core (keyboard rules)           0   1  36    6    0.0%    0.0%     —  
D1x axe-core (any rule, unsound)      18  11  18    6   62.1%   46.2%   52.9%
U-D0 upstream crawler candidates       1   3  38    0   25.0%    2.6%    4.7%
U-D1 upstream tagged axe attribution   0   0  39    0     —      0.0%     —  
U-D2 upstream inline attributes        1   0  38    0  100.0%    2.6%    5.0%
U-D2b upstream mouse handler properties   4   0  35    0  100.0%   10.3%   18.6%
U-D3 upstream missing tabindex         1   0  38    0  100.0%    2.6%    5.0%
U-D4 upstream CSS and class tokens    30  17   9    0   63.8%   76.9%   69.8%
U-D5 upstream direct CDP listeners    29  13  10    0   69.0%   74.4%   71.6%
U-D6 upstream registration shim       25  13  14    0   65.8%   64.1%   64.9%
U-D7 upstream React mouse props        2   0  37    0  100.0%    5.1%    9.8%
U-D8 upstream pixel hover difference  19   9  20    0   67.9%   48.7%   56.7%
C1 upstream D4|D5|D6, minus Tab       33  18   6    0   64.7%   84.6%   73.3%
C2 upstream D4|D5|D6|D8, minus Tab    33  20   6    0   62.3%   84.6%   71.7%
C3 union, reject inert and pointer-events:none  32  13   6    2   71.1%   82.1%   76.2%
C4 union, additionally reject blocked center  32  11   6    2   74.4%   82.1%   78.0%
C5 focusable custom mouse control, no observed key handler   3   0  36    0  100.0%    7.7%   14.3%
C6 visible label for a toggle absent from Tab   1   0  38    0  100.0%    2.6%    5.0%
C7 ancestor mouse listener, minus Tab   7   3  32    0   70.0%   17.9%   28.6%
C8 union + focusable + label + ancestor leads  37  13   1    2   74.0%   94.9%   83.1%
C9 combined leads, additionally reject blocked center  37  11   1    2   77.1%   94.9%   85.1%
D9 behavioural differential           34   5   2   20   87.2%   87.2%   87.2%
D9-noS4 coverage-armed differential, no equivalence filter  34   9   2   20   79.1%   87.2%   82.9%
D9+S4u differential with upstream Stage 4 (coverage-exact)  33   4   3   20   89.2%   84.6%   86.8%
D9+S4ours coverage-armed differential, our payload Stage 4  34   5   2   20   87.2%   87.2%   87.2%
D9u upstream-style differential (8 channels, keys in sequence)  36  10   3    4   78.3%   92.3%   84.7%
D9u+S4u upstream differential with upstream Stage 4 (1:1)  35   5   4    4   87.5%   89.7%   88.6%
D10a-u upstream coverage presence (sequential keys, baselined)  33  11   6    4   75.0%   84.6%   79.5%
D10b-u upstream coverage set-difference (sequential keys, baselined)  37  12   2    4   75.5%   94.9%   84.1%
D10a coverage differential (Enter only, no baseline subtraction)  32  24   4   10   57.1%   82.1%   67.4%
D10b coverage set-difference (Enter only, no baseline subtraction)  36  31   0   10   53.7%   92.3%   67.9%
D10a+base coverage differential (Enter only, baseline subtracted)  32  24   4   10   57.1%   82.1%   67.4%

wrote /var/home/me/Development/axcess/experiments/tabbing/fixtures/results/bakeoff-fixtures-matrix-full.json  (622.6s)
  exit=0 fixtures
=== B D9/D10 arms edgecases ===
corpus: edgecases  (74 probes, 15 pages)
caveat: shared-author development corpus; no unbiased accuracy or ranking claim

  pages/binding.html (10 probes) ...
  pages/decoys.html (11 probes) ...
  pages/effects.html (11 probes) ...
  pages/focus-redirect.html (1 probes) ...
  pages/geometry.html (14 probes) ...
  pages/graphical-controls.html (2 probes) ...
  pages/hover.html (3 probes) ...
  pages/iframe-tab-scope.html (1 probes) ...
2026-09-17 16:34:39 [debug    ] kbdiff.d8_failed               error='Locator.bounding_box: Timeout 1000ms exceeded.\nCall log:\n  - waiting for locator("[data-probe=\\"e140\\"]").first\n' probe=e140
  pages/keyboard.html (9 probes) ...
  pages/native-proxy.html (1 probes) ...
  pages/pointer-gated.html (2 probes) ...
  pages/roving-tabindex.html (4 probes) ...
  pages/scale.html (2 probes) ...
Scores suppressed: Error: CDPSession.send: Protocol error (DOM.getDocument): Failed to convert response to JSON: CBOR: stack limit exceeded at position 53429

wrote /var/home/me/Development/axcess/experiments/tabbing/edgecases/results/bakeoff-edgecases-matrix-full.json  (342.9s)
  exit=1 edgecases
=== B D9/D10 arms gds ===
corpus: gds  (8 probes, 1 pages)
caveat: GDS Accessibility Tool Audit (MIT, Crown Copyright 2017); 6 IAF cases on one page, all 13 audited tools score 0/6

  pages/test-cases.html (8 probes) ...
2026-09-17 16:36:53 [info     ] kbdiff.taborder.capped         found=3 presses=300

detector                              TP  FP  FN  unk    prec  recall      F1
------------------------------------------------------------------------------------
D0 axcess collectClickables            1   0   5    0  100.0%   16.7%   28.6%
D2 inline onclick attribute            0   0   6    0     —      0.0%     —  
D2b onclick property                   0   0   6    0     —      0.0%     —  
D3 tabindex / ARIA                     0   0   6    0     —      0.0%     —  
D4 CSS + lexical                       3   0   3    0  100.0%   50.0%   66.7%
D7 React fiber props                   0   0   6    0     —      0.0%     —  
D5 CDP getEventListeners               3   0   3    0  100.0%   50.0%   66.7%
D6 addEventListener shim               3   0   3    0  100.0%   50.0%   66.7%
D8 hover-diff                          0   0   6    0     —      0.0%     —  
D1 axe-core (keyboard rules)           0   0   6    0     —      0.0%     —  
D1x axe-core (any rule, unsound)       0   1   6    0    0.0%    0.0%     —  
U-D0 upstream crawler candidates       0   0   6    0     —      0.0%     —  
U-D1 upstream tagged axe attribution   0   1   6    0    0.0%    0.0%     —  
U-D2 upstream inline attributes        0   0   6    0     —      0.0%     —  
U-D2b upstream mouse handler properties   0   0   6    0     —      0.0%     —  
U-D3 upstream missing tabindex         0   0   6    0     —      0.0%     —  
U-D4 upstream CSS and class tokens     0   0   4    2     —      0.0%     —  
U-D5 upstream direct CDP listeners     0   0   4    2     —      0.0%     —  
U-D6 upstream registration shim        0   0   4    2     —      0.0%     —  
U-D7 upstream React mouse props        0   0   6    0     —      0.0%     —  
U-D8 upstream pixel hover difference   0   0   6    0     —      0.0%     —  
C1 upstream D4|D5|D6, minus Tab        3   0   3    0  100.0%   50.0%   66.7%
C2 upstream D4|D5|D6|D8, minus Tab     3   0   3    0  100.0%   50.0%   66.7%
C3 union, reject inert and pointer-events:none   0   0   3    3     —      0.0%     —  
C4 union, additionally reject blocked center   0   0   3    3     —      0.0%     —  
C5 focusable custom mouse control, no observed key handler   0   0   6    0     —      0.0%     —  
C6 visible label for a toggle absent from Tab   0   0   6    0     —      0.0%     —  
C7 ancestor mouse listener, minus Tab   0   0   6    0     —      0.0%     —  
C8 union + focusable + label + ancestor leads   0   0   3    3     —      0.0%     —  
C9 combined leads, additionally reject blocked center   0   0   3    3     —      0.0%     —  
D9 behavioural differential            2   0   2    2  100.0%   33.3%   50.0%
D9-noS4 coverage-armed differential, no equivalence filter   2   0   2    2  100.0%   33.3%   50.0%
D9+S4u differential with upstream Stage 4 (coverage-exact)   2   0   2    2  100.0%   33.3%   50.0%
D9+S4ours coverage-armed differential, our payload Stage 4   2   0   2    2  100.0%   33.3%   50.0%
D9u upstream-style differential (8 channels, keys in sequence)   0   0   0    8     —      0.0%     —  
D9u+S4u upstream differential with upstream Stage 4 (1:1)   0   0   0    8     —      0.0%     —  
D10a-u upstream coverage presence (sequential keys, baselined)   0   0   0    8     —      0.0%     —  
D10b-u upstream coverage set-difference (sequential keys, baselined)   0   0   0    8     —      0.0%     —  
D10a coverage differential (Enter only, no baseline subtraction)   0   0   0    8     —      0.0%     —  
D10b coverage set-difference (Enter only, no baseline subtraction)   0   0   0    8     —      0.0%     —  
D10a+base coverage differential (Enter only, baseline subtracted)   0   0   0    8     —      0.0%     —  

wrote /var/home/me/Development/axcess/experiments/tabbing/literature-replication/artifacts/gds-corpus/results/bakeoff-gds-matrix-full.json  (72.5s)
  exit=0 gds
=== B D9/D10 arms ma11y ===
corpus: ma11y  (7 probes, 3 pages)
caveat: Ma11y-generated mutants of the GDS page; ground truth by construction and verified behaviourally; only 1 of 4 operators produced a verified fault

  pages/base.html (2 probes) ...
2026-09-17 16:37:55 [info     ] kbdiff.taborder.capped         found=2 presses=300
  pages/mutant-F42.html (2 probes) ...
Scores suppressed: RuntimeError: D0 axcess collectClickables returned a probe outside pages/mutant-F42.html

wrote /var/home/me/Development/axcess/experiments/tabbing/literature-replication/artifacts/ma11y/results/bakeoff-ma11y-matrix-full.json  (30.0s)
  exit=1 ma11y
=== DONE ===
=== A+B ma11y (rerun against fixed corpus) ===
corpus: ma11y  (7 probes, 3 pages)
caveat: Ma11y-generated mutants of the GDS page; ground truth by construction and verified behaviourally; only 1 of 4 operators produced a verified fault

  pages/base.html (2 probes) ...
2026-09-17 16:38:57 [info     ] kbdiff.taborder.capped         found=2 presses=300
  pages/mutant-F42.html (2 probes) ...
Scores suppressed: RuntimeError: D0 axcess collectClickables returned a probe outside pages/mutant-F42.html

wrote /var/home/me/Development/axcess/experiments/tabbing/literature-replication/artifacts/ma11y/results/bakeoff-ma11y-matrix.json  (8.1s)
  exit=1 ma11y-cheap
refusing to overwrite /var/home/me/Development/axcess/experiments/tabbing/literature-replication/artifacts/ma11y/results/bakeoff-ma11y-matrix-full.json; use a new --label or --out
  exit=2 ma11y-full
=== ALL DONE ===
