corpus: fixtures  (95 probes, 19 pages)
caveat: blind-authored and frozen; absolute figures are admissible

  holdout/discovery.html (4 probes) ...
  holdout/effects.html (5 probes) ...
  holdout/equivalence.html (4 probes) ...
  holdout/hover.html (3 probes) ...
  holdout/keyboard-paths.html (4 probes) ...
  holdout/long-order.html (1 probes) ...
  holdout/pointer.html (4 probes) ...
  holdout/responsive.html (3 probes) ...
2026-09-08 15:09:36 [info     ] kbdiff.mouse_trial_failed      error="Page.evaluate: TypeError: Cannot read properties of undefined (reading '0')\n    at eval (eval at evaluate (:290:30), <anonymous>:77:35)\n    at UtilityScript.eva" probe=h142
  holdout/scopes.html (5 probes) ...
2026-09-08 15:10:07 [debug    ] kbdiff.d8_failed               error='Locator.bounding_box: Timeout 30000ms exceeded.\nCall log:\n  - waiting for locator("[data-probe=\\"h162\\"]").first\n' probe=h162
2026-09-08 15:10:37 [debug    ] kbdiff.d8_failed               error='Locator.bounding_box: Timeout 30000ms exceeded.\nCall log:\n  - waiting for locator("[data-probe=\\"h163\\"]").first\n' probe=h163
2026-09-08 15:11:07 [debug    ] kbdiff.d8_failed               error='Locator.bounding_box: Timeout 30000ms exceeded.\nCall log:\n  - waiting for locator("[data-probe=\\"h164\\"]").first\n' probe=h164
  holdout/timing.html (2 probes) ...
  upstream/a-vanilla.html (12 probes) ...
  upstream/b-decoys.html (12 probes) ...
2026-09-08 15:13:45 [info     ] kbdiff.mouse_trial_failed      error="Page.evaluate: TypeError: Cannot read properties of undefined (reading '0')\n    at eval (eval at evaluate (:290:30), <anonymous>:77:35)\n    at UtilityScript.eva" probe=p26i
  upstream/c-hover.html (4 probes) ...
  upstream/d-delegation.html (3 probes) ...
  upstream/e-nodom.html (5 probes) ...
  upstream/f-occlusion.html (6 probes) ...
2026-09-08 15:14:23 [info     ] kbdiff.mouse_trial_failed      error="Page.evaluate: TypeError: Cannot read properties of undefined (reading '0')\n    at eval (eval at evaluate (:290:30), <anonymous>:77:35)\n    at UtilityScript.eva" probe=p73
2026-09-08 15:14:24 [info     ] kbdiff.mouse_trial_failed      error="Page.evaluate: TypeError: Cannot read properties of undefined (reading '0')\n    at eval (eval at evaluate (:290:30), <anonymous>:77:35)\n    at UtilityScript.eva" probe=p74
  upstream/g-taborder.html (7 probes) ...
  upstream/h-shadow.html (5 probes) ...
2026-09-08 15:15:14 [debug    ] kbdiff.d8_failed               error='Locator.bounding_box: Timeout 30000ms exceeded.\nCall log:\n  - waiting for locator("[data-probe=\\"p91\\"]").first\n' probe=p91
2026-09-08 15:15:44 [debug    ] kbdiff.d8_failed               error='Locator.bounding_box: Timeout 30000ms exceeded.\nCall log:\n  - waiting for locator("[data-probe=\\"p92\\"]").first\n' probe=p92
2026-09-08 15:16:14 [debug    ] kbdiff.d8_failed               error='Locator.bounding_box: Timeout 30000ms exceeded.\nCall log:\n  - waiting for locator("[data-probe=\\"p94\\"]").first\n' probe=p94
  upstream/react/index.html (6 probes) ...

detector                              TP  FP  FN    prec  recall      F1
----------------------------------------------------------------------------
D9 behavioural differential           34   5   5   87.2%   87.2%   87.2%
D10 coverage differential             35  32   4   52.2%   89.7%   66.0%
D4 CSS + lexical                      27  21  12   56.2%   69.2%   62.1%
D5 CDP getEventListeners              25  18  14   58.1%   64.1%   61.0%
D8 hover-diff                         18   6  21   75.0%   46.2%   57.1%
D6 addEventListener shim              22  19  17   53.7%   56.4%   55.0%
D1x axe-core (any rule, unsound)      18  11  21   62.1%   46.2%   52.9%
D2b onclick property                   4   0  35  100.0%   10.3%   18.6%
D7 React fiber props                   2   0  37  100.0%    5.1%    9.8%
D3 tabindex / ARIA                     2   2  37   50.0%    5.1%    9.3%
D2 inline onclick attribute            1   0  38  100.0%    2.6%    5.0%
D0 axcess collectClickables            1   1  38   50.0%    2.6%    4.9%
D1 axe-core (keyboard rules)           0   1  39    0.0%    0.0%     —  

wrote /var/home/me/Development/axcess/experiments/tabbing/fixtures/results/bakeoff-fixtures.json  (596.4s)
